---
source: tests/tests.rs
expression: output
input_file: examples/sort/merge/merge_sort.hvm
---
#2(* #2(#2(#2(* #2(#2(#2(#2(3 a) #2(* a)) #2(#2(#2(2 b) #2(* b)) c)) c)) #2(#2(* #2(#2(#2(#2(1 d) #2(* d)) #2(#2(#2(0 e) #2(* e)) f)) f)) g)) g))
pre-reduce:
RWTS   :              53
- ANNI :              21
- COMM :               0
- ERAS :               0
- DREF :              32
- OPER :               0
run:
RWTS   :             438
- ANNI :              48
- COMM :             242
- ERAS :              79
- DREF :              53
- OPER :              16
