---
source: tests/tests.rs
expression: output
input_file: examples/sort/radix/radix_sort_ctr.hvm
---
16252928
RWTS   :   1_376_780_298
- ANNI :     795_869_169
- COMM :      53_477_380
- ERAS :     203_423_749
- DREF :     265_289_735
- OPER :      58_720_265
