---
source: tests/tests.rs
expression: output
input_file: tests/programs/chained_ops.hvm
---
2138224
RWTS   :              28
- ANNI :               2
- COMM :               4
- ERAS :               0
- DREF :               2
- OPER :              20
