---
source: tests/tests.rs
expression: output
input_file: examples/church_encoding/church.hvm
---
(#4{#3{(a #2{b c}) #3{(d a) (#2{c e} d)}} #1{(f e) #1{(g f) #1{(h g) #1{(i h) *}}}}} (i b))
RWTS   :              65
- ANNI :              25
- COMM :               1
- ERAS :               0
- DREF :              39
- OPER :               0
