---
source: tests/tests.rs
expression: host.readback(&net)
input_file: tests/programs/list_put_got.hvmc
---
(((* (((* (((* (a a)) b) b)) ((* (((* ((((@S1$S0 c) (* c)) d) d)) ((* (((* ((((@S2$S1 e) (* e)) f) f)) ((* (((* ((((@S3$S2 g) (* g)) h) h)) ((* (((* ((((@S4$S3 i) (* i)) j) j)) ((* (((* ((((@S5$S4 k) (* k)) l) l)) ((* (((* ((((@S6$S5 m) (* m)) n) n)) ((* (((* ((((@S7$S6 o) (* o)) p) p)) ((* (((* ((((@S8$S7 q) (* q)) r) r)) ((* (((* ((((@S9$S8 s) (* s)) t) t)) ((* (((* ((((@S10$S9 u) (* u)) v) v)) ((* (((* ((((@S11$S10 w) (* w)) x) x)) ((* (((* ((((@S12$S11 y) (* y)) z) z)) ((* (((* ((((@S13$S12 aa) (* aa)) ab) ab)) ((* (((* ((((@S14$S13 ac) (* ac)) ad) ad)) ((* (((* ((((@S15$S14 ae) (* ae)) af) af)) ((* (((* ((((@S16$S15 ag) (* ag)) ah) ah)) ((* (((* ((((@S17$S16 ai) (* ai)) aj) aj)) ((* (((* ((((@S18$S17 ak) (* ak)) al) al)) ((* (((* ((((@S19$S18 am) (* am)) an) an)) ((* (((* ((((@S20$S19 ao) (* ao)) ap) ap)) ((* (((* ((((@S21$S20 aq) (* aq)) ar) ar)) ((* (((* ((((@S22$S21 as) (* as)) at) at)) ((* (((* ((((@S23$S22 au) (* au)) av) av)) ((* (((* ((((@S24$S23 aw) (* aw)) ax) ax)) ((* (((* ((((@S25$S24 ay) (* ay)) az) az)) ((* (((* ((((@S26$S25 ba) (* ba)) bb) bb)) ((* (((* ((((@S27$S26 bc) (* bc)) bd) bd)) ((* (((* ((((@S28$S27 be) (* be)) bf) bf)) ((* (((* ((((@S29$S28 bg) (* bg)) bh) bh)) ((* (((* ((((@S30$S29 bi) (* bi)) bj) bj)) ((* (((* ((((@S31$S30 bk) (* bk)) bl) bl)) ((bm (* bm)) bn)) bn)) bo)) bo)) bp)) bp)) bq)) bq)) br)) br)) bs)) bs)) bt)) bt)) bu)) bu)) bv)) bv)) bw)) bw)) bx)) bx)) by)) by)) bz)) bz)) ca)) ca)) cb)) cb)) cc)) cc)) cd)) cd)) ce)) ce)) cf)) cf)) cg)) cg)) ch)) ch)) ci)) ci)) cj)) cj)) ck)) ck)) cl)) cl)) cm)) cm)) cn)) cn)) co)) co)) cp)) cp)) cq)) cq)) cr)) cr)) cs)) cs)) [ct *]) ct)
