---
source: tests/tests.rs
expression: host.readback(&net)
input_file: tests/programs/slow/stress_tests/sum_tree.hvmc
---
#16777216
