---
source: tests/tests.rs
expression: host.readback(&net)
input_file: tests/programs/slow/stress_tests/burn.hvmc
---
(a b)
