---
source: tests/tests.rs
expression: output
input_file: tests/programs/slow/stress_tests/sum_tail.hvmc
---
#49999995000000
RWTS   :     120_000_007
- ANNI :      40_000_003
- COMM :      20_000_000
- ERAS :      10_000_001
- DREF :      20_000_002
- OPER :      30_000_001
