---
source: tests/tests.rs
expression: net.rwts.total()
input_file: tests/programs/church_exp.hvmc
---
803
