---
source: tests/tests.rs
expression: output
input_file: tests/programs/neg_fusion.hvmc
---
(a (* a))
RWTS   :             147
- ANNI :              85
- COMM :              36
- ERAS :               0
- DREF :              26
- OPER :               0
