---
source: tests/tests.rs
expression: net.rwts.total()
input_file: examples/slow/sort/bitonic/bitonic_sort_lam.hvmc
---
2323894
