---
source: tests/tests.rs
expression: net.rwts.total()
input_file: tests/programs/alloc_big_tree.hvmc
---
24562
