---
source: tests/tests.rs
expression: host.readback(&net)
input_file: tests/programs/dec_bits.hvmc
---
(* (* (a a)))
