---
source: tests/tests.rs
expression: net.rwts.total()
input_file: tests/programs/alloc_small_tree.hvmc
---
99
