---
source: tests/tests.rs
expression: host.readback(&net)
input_file: tests/programs/neg_fusion.hvmc
---
(a (* a))
