---
source: tests/tests.rs
expression: host.readback(&net)
input_file: tests/programs/chained_ops.hvmc
---
#7184190578800
