---
source: tests/tests.rs
expression: host.readback(&net)
input_file: tests/programs/alloc_small_tree.hvmc
---
(a (* a))
