---
source: tests/tests.rs
expression: host.readback(&net)
input_file: examples/machine_u32/num_match.hvmc
---
#9
