---
source: tests/tests.rs
expression: output
input_file: tests/programs/slow/stress_tests/sum_tree.hvmc
---
#16777216
RWTS   :     754_974_689
- ANNI :     335_544_307
- COMM :      83_886_075
- ERAS :     100_663_292
- DREF :     167_772_154
- OPER :      67_108_861
