---
source: tests/tests.rs
expression: net.rwts.total()
input_file: tests/programs/chained_ops.hvmc
---
47
