---
source: tests/tests.rs
expression: net.rwts.total()
input_file: tests/programs/slow/stress_tests/fib_rec.hvmc
---
35759994
