---
source: tests/tests.rs
expression: output
input_file: tests/programs/slow/stress_tests/all_tree.hvmc
---
(a (* a))
RWTS   :     788_529_120
- ANNI :     369_098_737
- COMM :      83_886_075
- ERAS :     117_440_507
- DREF :     184_549_370
- OPER :      33_554_431
