---
source: tests/tests.rs
expression: net.rwts.total()
input_file: tests/programs/slow/stress_tests/sum_tail.hvmc
---
120000007
