---
source: tests/tests.rs
expression: net.rwts.total()
input_file: tests/programs/slow/stress_tests/boom.hvmc
---
134217902
